2026-01-20 21:24:19,247 - __main__ - INFO - 启动NRL客户端 (GUI模式)
2026-01-20 21:24:19,309 - nrl_client - INFO - 已加载 4 个服务器配置，当前使用: 安徽NRL服务器
2026-01-20 21:24:19,312 - nrl_client - INFO - 配置加载成功
2026-01-20 21:24:19,504 - nrl_client - INFO - 音频处理初始化成功
2026-01-20 21:24:29,422 - nrl_client - INFO - 正在关闭NRL客户端...
2026-01-20 21:24:29,422 - audio_handler - WARNING - 没有在录音
2026-01-20 21:24:29,422 - nrl_client - INFO - 语音传输已停止
2026-01-20 21:24:29,424 - audio_handler - WARNING - 没有在播放
2026-01-20 21:24:29,424 - nrl_client - INFO - 已断开服务器连接
2026-01-20 21:24:29,424 - audio_handler - WARNING - 没有在录音
2026-01-20 21:24:29,424 - audio_handler - WARNING - 没有在播放
2026-01-20 21:24:29,425 - audio_handler - INFO - 音频处理已关闭
2026-01-20 21:24:29,425 - nrl_client - INFO - NRL客户端已关闭
2026-01-20 21:24:44,917 - __main__ - INFO - 启动NRL客户端 (GUI模式)
2026-01-20 21:24:44,976 - nrl_client - INFO - 已加载 4 个服务器配置，当前使用: 安徽NRL服务器
2026-01-20 21:24:44,979 - nrl_client - INFO - 配置加载成功
2026-01-20 21:24:45,170 - nrl_client - INFO - 音频处理初始化成功
2026-01-20 21:24:54,118 - nrl_client - INFO - 正在关闭NRL客户端...
2026-01-20 21:24:54,119 - audio_handler - WARNING - 没有在录音
2026-01-20 21:24:54,119 - nrl_client - INFO - 语音传输已停止
2026-01-20 21:24:54,119 - audio_handler - WARNING - 没有在播放
2026-01-20 21:24:54,120 - nrl_client - INFO - 已断开服务器连接
2026-01-20 21:24:54,120 - audio_handler - WARNING - 没有在录音
2026-01-20 21:24:54,120 - audio_handler - WARNING - 没有在播放
2026-01-20 21:24:54,120 - audio_handler - INFO - 音频处理已关闭
2026-01-20 21:24:54,120 - nrl_client - INFO - NRL客户端已关闭
2026-01-20 21:27:50,704 - __main__ - INFO - 启动NRL客户端 (GUI模式)
2026-01-20 21:27:50,769 - nrl_client - INFO - 已加载 4 个服务器配置，当前使用: 安徽NRL服务器
2026-01-20 21:27:50,773 - nrl_client - INFO - 配置加载成功
2026-01-20 21:27:50,970 - nrl_client - INFO - 音频处理初始化成功
2026-01-20 21:28:00,389 - nrl_client - INFO - 正在关闭NRL客户端...
2026-01-20 21:28:00,389 - audio_handler - WARNING - 没有在录音
2026-01-20 21:28:00,390 - nrl_client - INFO - 语音传输已停止
2026-01-20 21:28:00,390 - audio_handler - WARNING - 没有在播放
2026-01-20 21:28:00,390 - nrl_client - INFO - 已断开服务器连接
2026-01-20 21:28:00,390 - audio_handler - WARNING - 没有在录音
2026-01-20 21:28:00,390 - audio_handler - WARNING - 没有在播放
2026-01-20 21:28:00,391 - audio_handler - INFO - 音频处理已关闭
2026-01-20 21:28:00,391 - nrl_client - INFO - NRL客户端已关闭
2026-01-20 21:29:25,420 - __main__ - INFO - 启动NRL客户端 (GUI模式)
2026-01-20 21:29:25,481 - nrl_client - INFO - 已加载 4 个服务器配置，当前使用: 安徽NRL服务器
2026-01-20 21:29:25,484 - nrl_client - INFO - 配置加载成功
2026-01-20 21:29:25,683 - nrl_client - INFO - 音频处理初始化成功
2026-01-20 21:29:29,619 - nrl_client - INFO - 正在关闭NRL客户端...
2026-01-20 21:29:29,620 - audio_handler - WARNING - 没有在录音
2026-01-20 21:29:29,620 - nrl_client - INFO - 语音传输已停止
2026-01-20 21:29:29,620 - audio_handler - WARNING - 没有在播放
2026-01-20 21:29:29,621 - nrl_client - INFO - 已断开服务器连接
2026-01-20 21:29:29,622 - audio_handler - WARNING - 没有在录音
2026-01-20 21:29:29,622 - audio_handler - WARNING - 没有在播放
2026-01-20 21:29:29,622 - audio_handler - INFO - 音频处理已关闭
2026-01-20 21:29:29,623 - nrl_client - INFO - NRL客户端已关闭
2026-01-20 21:30:13,161 - __main__ - INFO - 启动NRL客户端 (GUI模式)
2026-01-20 21:30:13,221 - nrl_client - INFO - 已加载 4 个服务器配置，当前使用: 安徽NRL服务器
2026-01-20 21:30:13,224 - nrl_client - INFO - 配置加载成功
2026-01-20 21:30:13,420 - nrl_client - INFO - 音频处理初始化成功
2026-01-20 21:30:16,617 - nrl_client - INFO - 正在关闭NRL客户端...
2026-01-20 21:30:16,618 - audio_handler - WARNING - 没有在录音
2026-01-20 21:30:16,618 - nrl_client - INFO - 语音传输已停止
2026-01-20 21:30:16,618 - audio_handler - WARNING - 没有在播放
2026-01-20 21:30:16,619 - nrl_client - INFO - 已断开服务器连接
2026-01-20 21:30:16,619 - audio_handler - WARNING - 没有在录音
2026-01-20 21:30:16,620 - audio_handler - WARNING - 没有在播放
2026-01-20 21:30:16,620 - audio_handler - INFO - 音频处理已关闭
2026-01-20 21:30:16,620 - nrl_client - INFO - NRL客户端已关闭
2026-01-20 21:30:39,157 - __main__ - INFO - 启动NRL客户端 (GUI模式)
2026-01-20 21:30:39,218 - nrl_client - INFO - 已加载 4 个服务器配置，当前使用: 安徽NRL服务器
2026-01-20 21:30:39,221 - nrl_client - INFO - 配置加载成功
2026-01-20 21:30:39,416 - nrl_client - INFO - 音频处理初始化成功
2026-01-20 21:30:42,448 - nrl_client - INFO - 正在关闭NRL客户端...
2026-01-20 21:30:42,449 - audio_handler - WARNING - 没有在录音
2026-01-20 21:30:42,450 - nrl_client - INFO - 语音传输已停止
2026-01-20 21:30:42,450 - audio_handler - WARNING - 没有在播放
2026-01-20 21:30:42,450 - nrl_client - INFO - 已断开服务器连接
2026-01-20 21:30:42,450 - audio_handler - WARNING - 没有在录音
2026-01-20 21:30:42,450 - audio_handler - WARNING - 没有在播放
2026-01-20 21:30:42,451 - audio_handler - INFO - 音频处理已关闭
2026-01-20 21:30:42,451 - nrl_client - INFO - NRL客户端已关闭
2026-01-20 21:32:04,260 - __main__ - INFO - 启动NRL客户端 (GUI模式)
2026-01-20 21:32:04,322 - nrl_client - INFO - 已加载 4 个服务器配置，当前使用: 安徽NRL服务器
2026-01-20 21:32:04,325 - nrl_client - INFO - 配置加载成功
2026-01-20 21:32:04,541 - nrl_client - INFO - 音频处理初始化成功
2026-01-20 21:32:33,348 - nrl_client - INFO - 已发送初始连接包到 43.143.14.24:60050
2026-01-20 21:32:33,349 - nrl_client - INFO - 连接到服务器成功: 43.143.14.24:60050
2026-01-20 21:32:33,349 - nrl_client - INFO - NRL_Link Client Beta V1.3.3
2026-01-20 21:32:33,350 - nrl_client - INFO - ------------------------------------
2026-01-20 21:32:33,350 - nrl_client - INFO - N     N  RRRRRR   L      
2026-01-20 21:32:33,350 - nrl_client - INFO - N N   N  R     R  L      
2026-01-20 21:32:33,350 - nrl_client - INFO - N  N  N  RRRRRR   L      
2026-01-20 21:32:33,350 - nrl_client - INFO - N   N N  R   R    L      
2026-01-20 21:32:33,350 - nrl_client - INFO - N     N  R     R  LLLLLL 
2026-01-20 21:32:33,351 - nrl_client - INFO - ------------------------------------
2026-01-20 21:32:33,351 - nrl_client - INFO - 欢迎使用NRL客户端,本客户端目前为测试版本
2026-01-20 21:32:33,351 - nrl_client - INFO - 当前连接到服务器的设备呼号: BH6ERO
2026-01-20 21:32:33,351 - nrl_client - INFO - 当前连接到服务器的设备SSID: 1
2026-01-20 21:32:33,352 - nrl_client - INFO - ------------------------------------
2026-01-20 21:32:33,365 - nrl_client - INFO - 收到未知类型数据包: type=11
2026-01-20 21:32:41,911 - nrl_client - INFO - 已断开服务器连接
